I'm sorry, but errors were detected in your script. Please correct the
errors listed below, and try again.


File "game/script.rpy", line 49: expected 'label_name_declare' not found.
    label: The_Curse
         ^

Ren'Py Version: Ren'Py 8.0.3.22090809
Tue Dec 13 17:47:45 2022
